<html>
<body>
<pre>
<h1>礦ision Build Log</h1>
<h2>Project:</h2>
D:\1 source code\MCU\STM32_uCOS-II\多任务（切换三个 LED）\USER\STM32-DEMO.uvproj
Project File Date:  07/30/2017

<h2>Output:</h2>
Rebuild target 'LED-DEMO'
assembling startup_stm32f10x_hd.s...
compiling stm32f10x_it.c...
compiling app.c...
compiling stm32f10x_gpio.c...
compiling stm32f10x_rcc.c...
compiling core_cm3.c...
compiling system_stm32f10x.c...
compiling BSP.c...
compiling led.c...
compiling os_core.c...
compiling os_flag.c...
compiling os_mbox.c...
compiling os_mem.c...
compiling os_mutex.c...
compiling os_q.c...
compiling os_sem.c...
compiling os_task.c...
compiling os_time.c...
compiling os_tmr.c...
assembling os_cpu_a.asm...
compiling os_cpu_c.c...
compiling os_dbg.c...
linking...
Program Size: Code=7624 RO-data=612 RW-data=84 ZI-data=4220  
FromELF: creating hex file...
"..\Output\STM32-DEMO.axf" - 0 Error(s), 0 Warning(s).
</pre>
</body>
</html>
