<html>
<body>
<pre>
<h1>µVision Build Log</h1>
<h2>Project:</h2>
D:\1 source code\MCU\STM32_uCOS-II\USB_HID\Project\MS-LINK.uvproj
Project File Date:  07/30/2017

<h2>Output:</h2>
Build target 'Target 1'
compiling App.c...
linking...
Program Size: Code=9838 RO-data=410 RW-data=316 ZI-data=2004  
FromELF: creating hex file...
".\Objects\MS-LINK.axf" - 0 Error(s), 0 Warning(s).
Load "D:\\1 source code\\MCU\\STM32_uCOS-II\\USB_HID\\Project\\Objects\\MS-LINK.axf" 
Set JLink Project File to "D:\1 source code\MCU\STM32_uCOS-II\USB_HID\Project\JLinkSettings.ini"
* JLink Info: Device "STM32F103R8" selected (64 KB flash, 20 KB RAM).
 
JLink info:
------------
DLL: V4.60a, compiled Jan 16 2013 17:15:30
Firmware: J-Link ARM V8 compiled Nov 28 2014 13:44:46
Hardware: V8.00
S/N : 270676280 
Feature(s) : RDI,FlashDL,FlashBP,JFlash,GDBFULL 
 
* JLink Info: Found SWD-DP with ID 0x1BA01477
* JLink Info: Found SWD-DP with ID 0x1BA01477
* JLink Info: TPIU fitted.
* JLink Info: FPUnit: 6 code (BP) slots and 2 literal slots
* JLink Info: Found Cortex-M3 r1p1, Little endian.
ROMTableAddr = 0xE00FF003
 
Target info:
------------
Device: STM32F103R8
VTarget = 3.300V
State of Pins: 
TCK: 0, TDI: 0, TDO: 0, TMS: 1, TRES: 1, TRST: 1
Hardware-Breakpoints: 6
Software-Breakpoints: 8192
Watchpoints:          4
JTAG speed: 4000 kHz
 
Erase Done.
Programming Done.
Verify OK.
Application running ...
</pre>
</body>
</html>
